// Rstest Snapshot v1

exports[`browser snapshot > should match DOM element snapshot 1`] = `"<div class="container"><span>Test Content</span></div>"`;

exports[`browser snapshot > should match object snapshot 1`] = `
{
  "age": 30,
  "email": "alice@example.com",
  "name": "Alice",
}
`;

exports[`browser snapshot > should match string snapshot 1`] = `"Hello, Browser World!"`;
